// Jest Snapshot v1, https://goo.gl/fbAQLP

exports[`Login Page should render 1`] = `
<div
  class="flex w-full h-full justify-center items-center relative"
  data-testid="LoginPage"
>
  <div
    class="p-4 md:p-9 shadow-md rounded-3xl bg-white "
  >
    <img
      alt="logo"
      class="w-80 mb-10"
      src="engine_logo.png"
    />
    <form
      class="flex flex-col gap-3 w-full"
      data-testid="LoginFormContainer"
    >
      <div
        class="w-full"
      >
        <div
          class="flex flex-col"
        >
          <div
            class="mb-4 ml-1"
          >
            <label
              class="text-md text-gray-500"
              id="username-label"
            >
              Usu√°rio
            </label>
          </div>
          <input
            aria-labelledby="username-label"
            autocomplete="no"
            class="p-4 bg-gray-100 placeholder-gray-400 rounded-2xl text-gray-800 focus:bg-white focus:ring-2 focus:ring-primary-0 resize-none w-full css-1bya8sb css-9bnagd"
            name="username"
          />
        </div>
      </div>
      <div
        class="w-full"
      >
        <div
          class="flex flex-col"
        >
          <div
            class="mb-4 ml-1"
          >
            <label
              class="text-md text-gray-500"
              id="password-label"
            >
              Senha
            </label>
          </div>
          <input
            aria-labelledby="password-label"
            autocomplete="no"
            class="p-4 bg-gray-100 placeholder-gray-400 rounded-2xl text-gray-800 focus:bg-white focus:ring-2 focus:ring-primary-0 resize-none w-full css-1bya8sb css-9bnagd"
            name="password"
            type="password"
          />
        </div>
      </div>
      <div
        class="mt-4"
      >
        <button
          class="p-3 px-5 text-md bg-primary-0 focus:ring-primary-0 hover:bg-primary-1 focus:ring-2 focus:border-transparent border-2 text-white w-full rounded-full font-semibold transition duration-300"
        >
          <div
            class="relative w-full h-full flex justify-center items-center"
          >
            <div
              class="transition duration-400 opacity-100"
            >
              Entrar
            </div>
            <div
              class="absolute z-10 transition duration-400 opacity-0"
            >
              <div
                aria-busy="true"
                class=""
              >
                <svg
                  aria-label="audio-loading"
                  height="30"
                  viewBox="0 0 38 38"
                  width="30"
                  xmlns="http://www.w3.org/2000/svg"
                >
                  <defs>
                    <lineargradient
                      id="a"
                      x1="8.042%"
                      x2="65.682%"
                      y1="0%"
                      y2="23.865%"
                    >
                      <stop
                        offset="0%"
                        stop-color="#fff"
                        stop-opacity="0"
                      />
                      <stop
                        offset="63.146%"
                        stop-color="#fff"
                        stop-opacity=".631"
                      />
                      <stop
                        offset="100%"
                        stop-color="#fff"
                      />
                    </lineargradient>
                  </defs>
                  <g
                    fill="none"
                    fill-rule="evenodd"
                  >
                    <g
                      transform="translate(1 1)"
                    >
                      <path
                        d="M36 18c0-9.94-8.06-18-18-18"
                        id="Oval-2"
                        stroke="#fff"
                        stroke-width="2"
                      >
                        <animatetransform
                          attributeName="transform"
                          dur="0.9s"
                          from="0 18 18"
                          repeatCount="indefinite"
                          to="360 18 18"
                          type="rotate"
                        />
                      </path>
                      <circle
                        cx="36"
                        cy="18"
                        fill="#fff"
                        r="1"
                      >
                        <animatetransform
                          attributeName="transform"
                          dur="0.9s"
                          from="0 18 18"
                          repeatCount="indefinite"
                          to="360 18 18"
                          type="rotate"
                        />
                      </circle>
                    </g>
                  </g>
                </svg>
              </div>
            </div>
            <div
              class="absolute z-10 transition duration-400 opacity-0"
            />
          </div>
        </button>
      </div>
    </form>
  </div>
</div>
`;
