// Jest Snapshot v1, https://goo.gl/fbAQLP

exports[`CustomerCarForms return of render 1`] = `
<DocumentFragment>
  <div
    class="MuiGrid-root MuiGrid-container MuiGrid-spacing-xs-2 MuiGrid-item MuiGrid-justify-xs-center MuiGrid-grid-sm-12"
  >
    <div
      class="MuiGrid-root MuiGrid-item MuiGrid-grid-sm-3"
    >
      <p
        class="MuiTypography-root MuiTypography-body1"
      >
        Dados do Cliente
      </p>
    </div>
    <div
      class="MuiGrid-root MuiGrid-container MuiGrid-spacing-xs-2 MuiGrid-item MuiGrid-grid-sm-9"
    >
      <div
        class="MuiGrid-root MuiGrid-item MuiGrid-grid-xs-12 MuiGrid-grid-sm-3"
      >
        <div
          class="MuiFormControl-root MuiTextField-root MuiFormControl-fullWidth"
        >
          <label
            class="MuiFormLabel-root MuiInputLabel-root MuiInputLabel-formControl MuiInputLabel-animated MuiInputLabel-marginDense MuiInputLabel-outlined"
            data-shrink="false"
          >
            CPF (Número)
          </label>
          <div
            class="MuiInputBase-root MuiOutlinedInput-root MuiInputBase-fullWidth MuiInputBase-formControl MuiInputBase-marginDense MuiOutlinedInput-marginDense"
          >
            <input
              aria-invalid="false"
              class="MuiInputBase-input MuiOutlinedInput-input MuiInputBase-inputMarginDense MuiOutlinedInput-inputMarginDense"
              maxlength="11"
              type="text"
              value=""
            />
            <fieldset
              aria-hidden="true"
              class="PrivateNotchedOutline-root-200 MuiOutlinedInput-notchedOutline"
            >
              <legend
                class="PrivateNotchedOutline-legendLabelled-202"
              >
                <span>
                  CPF (Número)
                </span>
              </legend>
            </fieldset>
          </div>
        </div>
      </div>
      <div
        class="MuiGrid-root MuiGrid-item MuiGrid-grid-xs-12 MuiGrid-grid-sm-3"
      >
        <div
          class="MuiFormControl-root MuiTextField-root MuiFormControl-fullWidth"
        >
          <label
            class="MuiFormLabel-root MuiInputLabel-root MuiInputLabel-formControl MuiInputLabel-animated MuiInputLabel-marginDense MuiInputLabel-outlined"
            data-shrink="false"
          >
            Telefone (Número)
          </label>
          <div
            class="MuiInputBase-root MuiOutlinedInput-root MuiInputBase-fullWidth MuiInputBase-formControl MuiInputBase-marginDense MuiOutlinedInput-marginDense"
          >
            <input
              aria-invalid="false"
              class="MuiInputBase-input MuiOutlinedInput-input MuiInputBase-inputMarginDense MuiOutlinedInput-inputMarginDense"
              type="text"
              value=""
            />
            <fieldset
              aria-hidden="true"
              class="PrivateNotchedOutline-root-200 MuiOutlinedInput-notchedOutline"
            >
              <legend
                class="PrivateNotchedOutline-legendLabelled-202"
              >
                <span>
                  Telefone (Número)
                </span>
              </legend>
            </fieldset>
          </div>
        </div>
      </div>
      <div
        class="MuiGrid-root MuiGrid-item MuiGrid-grid-xs-12 MuiGrid-grid-sm-6"
      >
        <div
          class="MuiFormControl-root MuiTextField-root MuiFormControl-fullWidth"
        >
          <label
            class="MuiFormLabel-root MuiInputLabel-root MuiInputLabel-formControl MuiInputLabel-animated MuiInputLabel-marginDense MuiInputLabel-outlined"
            data-shrink="false"
          >
            Nome
          </label>
          <div
            class="MuiInputBase-root MuiOutlinedInput-root MuiInputBase-fullWidth MuiInputBase-formControl MuiInputBase-marginDense MuiOutlinedInput-marginDense"
          >
            <input
              aria-invalid="false"
              class="MuiInputBase-input MuiOutlinedInput-input MuiInputBase-inputMarginDense MuiOutlinedInput-inputMarginDense"
              type="text"
              value=""
            />
            <fieldset
              aria-hidden="true"
              class="PrivateNotchedOutline-root-200 MuiOutlinedInput-notchedOutline"
            >
              <legend
                class="PrivateNotchedOutline-legendLabelled-202"
              >
                <span>
                  Nome
                </span>
              </legend>
            </fieldset>
          </div>
        </div>
      </div>
      <div
        class="MuiGrid-root MuiGrid-item MuiGrid-grid-xs-12 MuiGrid-grid-sm-4"
      >
        <div
          class="MuiFormControl-root MuiTextField-root MuiFormControl-fullWidth"
        >
          <label
            class="MuiFormLabel-root MuiInputLabel-root MuiInputLabel-formControl MuiInputLabel-animated MuiInputLabel-marginDense MuiInputLabel-outlined"
            data-shrink="false"
          >
            E-mail
          </label>
          <div
            class="MuiInputBase-root MuiOutlinedInput-root MuiInputBase-fullWidth MuiInputBase-formControl MuiInputBase-marginDense MuiOutlinedInput-marginDense"
          >
            <input
              aria-invalid="false"
              class="MuiInputBase-input MuiOutlinedInput-input MuiInputBase-inputMarginDense MuiOutlinedInput-inputMarginDense"
              type="email"
              value=""
            />
            <fieldset
              aria-hidden="true"
              class="PrivateNotchedOutline-root-200 MuiOutlinedInput-notchedOutline"
            >
              <legend
                class="PrivateNotchedOutline-legendLabelled-202"
              >
                <span>
                  E-mail
                </span>
              </legend>
            </fieldset>
          </div>
        </div>
      </div>
      <div
        class="MuiGrid-root MuiGrid-item MuiGrid-grid-xs-12 MuiGrid-grid-sm-8"
      >
        <div
          class="MuiFormControl-root MuiTextField-root MuiFormControl-fullWidth"
        >
          <label
            class="MuiFormLabel-root MuiInputLabel-root MuiInputLabel-formControl MuiInputLabel-animated MuiInputLabel-marginDense MuiInputLabel-outlined"
            data-shrink="false"
          >
            Endereço
          </label>
          <div
            class="MuiInputBase-root MuiOutlinedInput-root MuiInputBase-fullWidth MuiInputBase-formControl MuiInputBase-marginDense MuiOutlinedInput-marginDense"
          >
            <input
              aria-invalid="false"
              class="MuiInputBase-input MuiOutlinedInput-input MuiInputBase-inputMarginDense MuiOutlinedInput-inputMarginDense"
              type="text"
              value=""
            />
            <fieldset
              aria-hidden="true"
              class="PrivateNotchedOutline-root-200 MuiOutlinedInput-notchedOutline"
            >
              <legend
                class="PrivateNotchedOutline-legendLabelled-202"
              >
                <span>
                  Endereço
                </span>
              </legend>
            </fieldset>
          </div>
        </div>
      </div>
    </div>
  </div>
  <div
    class="MuiGrid-root MuiGrid-container MuiGrid-item MuiGrid-grid-xs-12"
  >
    <hr
      class="MuiDivider-root makeStyles-divider-6"
    />
  </div>
  <div
    class="MuiGrid-root MuiGrid-container MuiGrid-spacing-xs-2 MuiGrid-item MuiGrid-justify-xs-center MuiGrid-grid-sm-12"
  >
    <div
      class="MuiGrid-root MuiGrid-item MuiGrid-grid-sm-3"
    >
      <p
        class="MuiTypography-root MuiTypography-body1"
      >
        Dados do Veículo
      </p>
    </div>
    <div
      class="MuiGrid-root MuiGrid-container MuiGrid-spacing-xs-2 MuiGrid-item MuiGrid-grid-sm-9"
    >
      <div
        class="MuiGrid-root MuiGrid-item MuiGrid-grid-xs-12 MuiGrid-grid-sm-4"
      >
        <div
          aria-expanded="false"
          class="MuiAutocomplete-root MuiAutocomplete-hasPopupIcon"
          role="combobox"
        >
          <div
            class="MuiFormControl-root MuiTextField-root MuiFormControl-fullWidth"
          >
            <label
              class="MuiFormLabel-root MuiInputLabel-root MuiInputLabel-formControl MuiInputLabel-animated MuiInputLabel-marginDense MuiInputLabel-outlined"
              data-shrink="false"
              for="make"
              id="make-label"
            >
              Marca
            </label>
            <div
              class="MuiInputBase-root MuiOutlinedInput-root MuiAutocomplete-inputRoot MuiInputBase-fullWidth MuiInputBase-formControl MuiInputBase-adornedEnd MuiOutlinedInput-adornedEnd MuiInputBase-marginDense MuiOutlinedInput-marginDense"
            >
              <input
                aria-autocomplete="list"
                aria-invalid="false"
                autocapitalize="none"
                autocomplete="off"
                class="MuiInputBase-input MuiOutlinedInput-input MuiAutocomplete-input MuiAutocomplete-inputFocused MuiInputBase-inputAdornedEnd MuiOutlinedInput-inputAdornedEnd MuiInputBase-inputMarginDense MuiOutlinedInput-inputMarginDense"
                id="make"
                spellcheck="false"
                type="text"
                value=""
              />
              <div
                class="MuiAutocomplete-endAdornment"
              >
                <button
                  aria-label="Open"
                  class="MuiButtonBase-root MuiIconButton-root MuiAutocomplete-popupIndicator"
                  tabindex="-1"
                  title="Open"
                  type="button"
                >
                  <span
                    class="MuiIconButton-label"
                  >
                    <svg
                      aria-hidden="true"
                      class="MuiSvgIcon-root"
                      focusable="false"
                      viewBox="0 0 24 24"
                    >
                      <path
                        d="M7 10l5 5 5-5z"
                      />
                    </svg>
                  </span>
                  <span
                    class="MuiTouchRipple-root"
                  />
                </button>
              </div>
              <fieldset
                aria-hidden="true"
                class="PrivateNotchedOutline-root-200 MuiOutlinedInput-notchedOutline"
              >
                <legend
                  class="PrivateNotchedOutline-legendLabelled-202"
                >
                  <span>
                    Marca
                  </span>
                </legend>
              </fieldset>
            </div>
          </div>
        </div>
      </div>
      <div
        class="MuiGrid-root MuiGrid-item MuiGrid-grid-xs-12 MuiGrid-grid-sm-3"
      >
        <div
          aria-expanded="false"
          class="MuiAutocomplete-root MuiAutocomplete-hasPopupIcon"
          role="combobox"
        >
          <div
            class="MuiFormControl-root MuiTextField-root MuiFormControl-fullWidth"
          >
            <label
              class="MuiFormLabel-root MuiInputLabel-root MuiInputLabel-formControl MuiInputLabel-animated MuiInputLabel-marginDense MuiInputLabel-outlined"
              data-shrink="false"
              for="model"
              id="model-label"
            >
              Modelo
            </label>
            <div
              class="MuiInputBase-root MuiOutlinedInput-root MuiAutocomplete-inputRoot MuiInputBase-fullWidth MuiInputBase-formControl MuiInputBase-adornedEnd MuiOutlinedInput-adornedEnd MuiInputBase-marginDense MuiOutlinedInput-marginDense"
            >
              <input
                aria-autocomplete="list"
                aria-invalid="false"
                autocapitalize="none"
                autocomplete="off"
                class="MuiInputBase-input MuiOutlinedInput-input MuiAutocomplete-input MuiAutocomplete-inputFocused MuiInputBase-inputAdornedEnd MuiOutlinedInput-inputAdornedEnd MuiInputBase-inputMarginDense MuiOutlinedInput-inputMarginDense"
                id="model"
                spellcheck="false"
                type="text"
                value=""
              />
              <div
                class="MuiAutocomplete-endAdornment"
              >
                <button
                  aria-label="Open"
                  class="MuiButtonBase-root MuiIconButton-root MuiAutocomplete-popupIndicator"
                  tabindex="-1"
                  title="Open"
                  type="button"
                >
                  <span
                    class="MuiIconButton-label"
                  >
                    <svg
                      aria-hidden="true"
                      class="MuiSvgIcon-root"
                      focusable="false"
                      viewBox="0 0 24 24"
                    >
                      <path
                        d="M7 10l5 5 5-5z"
                      />
                    </svg>
                  </span>
                  <span
                    class="MuiTouchRipple-root"
                  />
                </button>
              </div>
              <fieldset
                aria-hidden="true"
                class="PrivateNotchedOutline-root-200 MuiOutlinedInput-notchedOutline"
              >
                <legend
                  class="PrivateNotchedOutline-legendLabelled-202"
                >
                  <span>
                    Modelo
                  </span>
                </legend>
              </fieldset>
            </div>
          </div>
        </div>
      </div>
      <div
        class="MuiGrid-root MuiGrid-item MuiGrid-grid-xs-12 MuiGrid-grid-sm-3"
      >
        <div
          class="MuiFormControl-root MuiFormControl-fullWidth"
        >
          <label
            class="MuiFormLabel-root MuiInputLabel-root makeStyles-selectLabel-233 MuiInputLabel-formControl MuiInputLabel-animated"
            data-shrink="false"
            id="fuel-select"
          >
            Combustível
          </label>
          <div
            class="MuiInputBase-root MuiOutlinedInput-root MuiInputBase-formControl"
          >
            <div
              aria-haspopup="listbox"
              aria-labelledby="fuel-select fuel"
              class="MuiSelect-root makeStyles-root-232 MuiSelect-select MuiSelect-selectMenu MuiSelect-outlined MuiInputBase-input MuiOutlinedInput-input"
              id="fuel"
              role="button"
              tabindex="0"
            >
              <span>
                ​
              </span>
            </div>
            <input
              type="hidden"
              value=""
            />
            <svg
              aria-hidden="true"
              class="MuiSvgIcon-root MuiSelect-icon MuiSelect-iconOutlined"
              focusable="false"
              viewBox="0 0 24 24"
            >
              <path
                d="M7 10l5 5 5-5z"
              />
            </svg>
            <fieldset
              aria-hidden="true"
              class="PrivateNotchedOutline-root-200 MuiOutlinedInput-notchedOutline"
              style="padding-left: 8px;"
            >
              <legend
                class="PrivateNotchedOutline-legend-201"
                style="width: 0.01px;"
              >
                <span>
                  ​
                </span>
              </legend>
            </fieldset>
          </div>
        </div>
      </div>
      <div
        class="MuiGrid-root MuiGrid-item MuiGrid-grid-xs-12 MuiGrid-grid-sm-2"
      >
        <div
          class="MuiFormControl-root MuiTextField-root MuiFormControl-fullWidth"
        >
          <label
            class="MuiFormLabel-root MuiInputLabel-root MuiInputLabel-formControl MuiInputLabel-animated MuiInputLabel-marginDense MuiInputLabel-outlined"
            data-shrink="false"
            for="year"
            id="year-label"
          >
            Ano
          </label>
          <div
            class="MuiInputBase-root MuiOutlinedInput-root MuiInputBase-fullWidth MuiInputBase-formControl MuiInputBase-marginDense MuiOutlinedInput-marginDense"
          >
            <input
              aria-invalid="false"
              class="MuiInputBase-input MuiOutlinedInput-input MuiInputBase-inputMarginDense MuiOutlinedInput-inputMarginDense"
              id="year"
              type="number"
              value=""
            />
            <fieldset
              aria-hidden="true"
              class="PrivateNotchedOutline-root-200 MuiOutlinedInput-notchedOutline"
            >
              <legend
                class="PrivateNotchedOutline-legendLabelled-202"
              >
                <span>
                  Ano
                </span>
              </legend>
            </fieldset>
          </div>
        </div>
      </div>
      <div
        class="MuiGrid-root MuiGrid-item MuiGrid-grid-xs-12 MuiGrid-grid-sm-4"
      >
        <div
          class="MuiFormControl-root MuiTextField-root MuiFormControl-fullWidth"
        >
          <label
            class="MuiFormLabel-root MuiInputLabel-root MuiInputLabel-formControl MuiInputLabel-animated MuiInputLabel-marginDense MuiInputLabel-outlined"
            data-shrink="false"
          >
            Placa
          </label>
          <div
            class="MuiInputBase-root MuiOutlinedInput-root MuiInputBase-fullWidth MuiInputBase-formControl MuiInputBase-marginDense MuiOutlinedInput-marginDense"
          >
            <input
              aria-invalid="false"
              class="MuiInputBase-input MuiOutlinedInput-input MuiInputBase-inputMarginDense MuiOutlinedInput-inputMarginDense"
              maxlength="8"
              type="text"
              value=""
            />
            <fieldset
              aria-hidden="true"
              class="PrivateNotchedOutline-root-200 MuiOutlinedInput-notchedOutline"
            >
              <legend
                class="PrivateNotchedOutline-legendLabelled-202"
              >
                <span>
                  Placa
                </span>
              </legend>
            </fieldset>
          </div>
        </div>
      </div>
      <div
        class="MuiGrid-root MuiGrid-item MuiGrid-grid-xs-12 MuiGrid-grid-sm-4"
      >
        <div
          class="MuiFormControl-root MuiTextField-root MuiFormControl-fullWidth"
        >
          <label
            class="MuiFormLabel-root MuiInputLabel-root MuiInputLabel-formControl MuiInputLabel-animated MuiInputLabel-marginDense MuiInputLabel-outlined"
            data-shrink="false"
          >
            Cor
          </label>
          <div
            class="MuiInputBase-root MuiOutlinedInput-root MuiInputBase-fullWidth MuiInputBase-formControl MuiInputBase-marginDense MuiOutlinedInput-marginDense"
          >
            <input
              aria-invalid="false"
              class="MuiInputBase-input MuiOutlinedInput-input MuiInputBase-inputMarginDense MuiOutlinedInput-inputMarginDense"
              type="text"
              value=""
            />
            <fieldset
              aria-hidden="true"
              class="PrivateNotchedOutline-root-200 MuiOutlinedInput-notchedOutline"
            >
              <legend
                class="PrivateNotchedOutline-legendLabelled-202"
              >
                <span>
                  Cor
                </span>
              </legend>
            </fieldset>
          </div>
        </div>
      </div>
      <div
        class="MuiGrid-root MuiGrid-item MuiGrid-grid-xs-12 MuiGrid-grid-sm-4"
      >
        <div
          class="MuiFormControl-root MuiTextField-root MuiFormControl-fullWidth"
        >
          <label
            class="MuiFormLabel-root MuiInputLabel-root MuiInputLabel-formControl MuiInputLabel-animated MuiInputLabel-marginDense MuiInputLabel-outlined"
            data-shrink="false"
          >
            Cilindradas
          </label>
          <div
            class="MuiInputBase-root MuiOutlinedInput-root MuiInputBase-fullWidth MuiInputBase-formControl MuiInputBase-marginDense MuiOutlinedInput-marginDense"
          >
            <input
              aria-invalid="false"
              class="MuiInputBase-input MuiOutlinedInput-input MuiInputBase-inputMarginDense MuiOutlinedInput-inputMarginDense"
              maxlength="3"
              type="text"
              value=""
            />
            <fieldset
              aria-hidden="true"
              class="PrivateNotchedOutline-root-200 MuiOutlinedInput-notchedOutline"
            >
              <legend
                class="PrivateNotchedOutline-legendLabelled-202"
              >
                <span>
                  Cilindradas
                </span>
              </legend>
            </fieldset>
          </div>
        </div>
      </div>
    </div>
  </div>
  <div
    class="MuiGrid-root makeStyles-formWrapper-1 MuiGrid-container MuiGrid-item MuiGrid-direction-xs-column MuiGrid-align-items-xs-flex-end MuiGrid-grid-xs-12"
  >
    <span
      class="makeStyles-formErrorMessage-8"
      data-testid="FormErrorMessage_span"
    />
    <div
      class="MuiBox-root MuiBox-root-294"
    >
      <button
        class="MuiButtonBase-root MuiButton-root MuiButton-contained MuiButton-containedPrimary MuiButton-fullWidth"
        data-testid="CustomerFormsView_button"
        tabindex="0"
        type="submit"
      >
        <span
          class="MuiButton-label"
        >
          Confirmar Dados
        </span>
        <span
          class="MuiTouchRipple-root"
        />
      </button>
    </div>
  </div>
</DocumentFragment>
`;
